============================================================================================== 
Warning! Mixing Conda and module environments may lead to corruption of the
user environment. 
We do not recommend users mixing those two environments unless absolutely
necessary. Note that 
SURF does not provide any support for Conda environment.
For more information, please refer to our software policy page:
https://servicedesk.surf.nl/wiki/display/WIKI/Software+policy+Snellius#SoftwarepolicySnellius-UseofAnacondaandMinicondaenvironmentsonSnellius 

Remember that many packages have already been installed on the system and can
be loaded using 
the 'module load <package__name>' command. If you are uncertain if a package is
already available 
on the system, please use 'module avail' or 'module spider' to search for it.
============================================================================================== 
========================================
job id  : 22776790
host    : gcn18.local.snellius.surf.nl
start   : Sat May 16 00:03:46 CEST 2026
gpu     : NVIDIA A100-SXM4-40GB, 40960 MiB
python  : /home/scur0509/.conda/envs/flowSDF/bin/python
========================================
========================================
FULL TRAINING: 100 epochs, both experts
========================================
wandb: [wandb.login()] Loaded credentials for https://api.wandb.ai from /home/scur0509/.netrc.
wandb: Currently logged in as: giacomo-grazia (fomo-group-12) to https://api.wandb.ai. Use `wandb login --relogin` to force relogin
wandb: Tracking run with wandb version 0.26.1
wandb: Run data is saved locally in /gpfs/home5/scur0509/projects/MoE-ShapeRefine-MedicalSeg/src/FlowSDF/wandb/run-20260516_000400-fhdfzidj
wandb: Run `wandb offline` to turn off syncing.
wandb: Syncing run expert_small__flowsdf_expert
wandb: ⭐️ View project at https://wandb.ai/fomo-group-12/moe-shaprefine
wandb: 🚀 View run at https://wandb.ai/fomo-group-12/moe-shaprefine/runs/fhdfzidj
device: cuda
Building dataloaders …
[train] expert_small: 17335 fragments
[train] expert_large: 17000 fragments
[val] expert_small: 2258 fragments
[val] expert_large: 24286 fragments

============================================================
Training expert_small
============================================================
  Network has 160754049 parameters
[expert_small] 1/20 train:   0%|          | 0/1084 [00:00<?, ?it/s]                                                                   Traceback (most recent call last):
  File "/gpfs/home5/scur0509/projects/MoE-ShapeRefine-MedicalSeg/src/FlowSDF/train_flowsdf_moe.py", line 542, in <module>
    main()
  File "/gpfs/home5/scur0509/projects/MoE-ShapeRefine-MedicalSeg/src/FlowSDF/train_flowsdf_moe.py", line 531, in main
    train_expert(
  File "/gpfs/home5/scur0509/projects/MoE-ShapeRefine-MedicalSeg/src/FlowSDF/train_flowsdf_moe.py", line 307, in train_expert
    train_loss = run_one_epoch(
                 ^^^^^^^^^^^^^^
  File "/gpfs/home5/scur0509/projects/MoE-ShapeRefine-MedicalSeg/src/FlowSDF/train_flowsdf_moe.py", line 238, in run_one_epoch
    v = model(mt, t.reshape(batch_size, -1), img_cond=x)
        ^^^^^^^^^^^^^^^^^^^^^^^^^^^^^^^^^^^^^^^^^^^^^^^^
  File "/home/scur0509/.conda/envs/flowSDF/lib/python3.11/site-packages/torch/nn/modules/module.py", line 1778, in _wrapped_call_impl
    return self._call_impl(*args, **kwargs)
           ^^^^^^^^^^^^^^^^^^^^^^^^^^^^^^^^
  File "/home/scur0509/.conda/envs/flowSDF/lib/python3.11/site-packages/torch/nn/modules/module.py", line 1789, in _call_impl
    return forward_call(*args, **kwargs)
           ^^^^^^^^^^^^^^^^^^^^^^^^^^^^^
  File "/gpfs/home5/scur0509/projects/MoE-ShapeRefine-MedicalSeg/src/FlowSDF/models/unet_segdiff.py", line 498, in forward
    h = module(cat_in, emb)
        ^^^^^^^^^^^^^^^^^^^
  File "/home/scur0509/.conda/envs/flowSDF/lib/python3.11/site-packages/torch/nn/modules/module.py", line 1778, in _wrapped_call_impl
    return self._call_impl(*args, **kwargs)
           ^^^^^^^^^^^^^^^^^^^^^^^^^^^^^^^^
  File "/home/scur0509/.conda/envs/flowSDF/lib/python3.11/site-packages/torch/nn/modules/module.py", line 1789, in _call_impl
    return forward_call(*args, **kwargs)
           ^^^^^^^^^^^^^^^^^^^^^^^^^^^^^
  File "/gpfs/home5/scur0509/projects/MoE-ShapeRefine-MedicalSeg/src/FlowSDF/models/unet_segdiff.py", line 45, in forward
    x = layer(x, emb)
        ^^^^^^^^^^^^^
  File "/home/scur0509/.conda/envs/flowSDF/lib/python3.11/site-packages/torch/nn/modules/module.py", line 1778, in _wrapped_call_impl
    return self._call_impl(*args, **kwargs)
           ^^^^^^^^^^^^^^^^^^^^^^^^^^^^^^^^
  File "/home/scur0509/.conda/envs/flowSDF/lib/python3.11/site-packages/torch/nn/modules/module.py", line 1789, in _call_impl
    return forward_call(*args, **kwargs)
           ^^^^^^^^^^^^^^^^^^^^^^^^^^^^^
  File "/gpfs/home5/scur0509/projects/MoE-ShapeRefine-MedicalSeg/src/FlowSDF/models/unet_segdiff.py", line 181, in forward
    return checkpoint(
           ^^^^^^^^^^^
  File "/gpfs/home5/scur0509/projects/MoE-ShapeRefine-MedicalSeg/src/FlowSDF/models/nn.py", line 153, in checkpoint
    return func(*inputs)
           ^^^^^^^^^^^^^
  File "/gpfs/home5/scur0509/projects/MoE-ShapeRefine-MedicalSeg/src/FlowSDF/models/unet_segdiff.py", line 186, in _forward
    h = self.in_layers(x)
        ^^^^^^^^^^^^^^^^^
  File "/home/scur0509/.conda/envs/flowSDF/lib/python3.11/site-packages/torch/nn/modules/module.py", line 1778, in _wrapped_call_impl
    return self._call_impl(*args, **kwargs)
           ^^^^^^^^^^^^^^^^^^^^^^^^^^^^^^^^
  File "/home/scur0509/.conda/envs/flowSDF/lib/python3.11/site-packages/torch/nn/modules/module.py", line 1789, in _call_impl
    return forward_call(*args, **kwargs)
           ^^^^^^^^^^^^^^^^^^^^^^^^^^^^^
  File "/home/scur0509/.conda/envs/flowSDF/lib/python3.11/site-packages/torch/nn/modules/container.py", line 253, in forward
    input = module(input)
            ^^^^^^^^^^^^^
  File "/home/scur0509/.conda/envs/flowSDF/lib/python3.11/site-packages/torch/nn/modules/module.py", line 1778, in _wrapped_call_impl
    return self._call_impl(*args, **kwargs)
           ^^^^^^^^^^^^^^^^^^^^^^^^^^^^^^^^
  File "/home/scur0509/.conda/envs/flowSDF/lib/python3.11/site-packages/torch/nn/modules/module.py", line 1789, in _call_impl
    return forward_call(*args, **kwargs)
           ^^^^^^^^^^^^^^^^^^^^^^^^^^^^^
  File "/gpfs/home5/scur0509/projects/MoE-ShapeRefine-MedicalSeg/src/FlowSDF/models/nn.py", line 14, in forward
    return x * th.sigmoid(x)
               ^^^^^^^^^^^^^
torch.OutOfMemoryError: CUDA out of memory. Tried to allocate 256.00 MiB. GPU 0 has a total capacity of 39.49 GiB of which 199.25 MiB is free. Including non-PyTorch memory, this process has 39.29 GiB memory in use. Of the allocated memory 38.58 GiB is allocated by PyTorch, and 221.57 MiB is reserved by PyTorch but unallocated. If reserved but unallocated memory is large try setting PYTORCH_CUDA_ALLOC_CONF=expandable_segments:True to avoid fragmentation.  See documentation for Memory Management  (https://docs.pytorch.org/docs/stable/notes/cuda.html#optimizing-memory-usage-with-pytorch-cuda-alloc-conf)
[1;34mwandb[0m: 
[1;34mwandb[0m: 🚀 View run [33mexpert_small__flowsdf_expert[0m at: [34mhttps://wandb.ai/fomo-group-12/moe-shaprefine/runs/fhdfzidj[0m
[1;34mwandb[0m: Find logs at: [1;35mwandb/run-20260516_000400-fhdfzidj/logs[0m
