============================================================================================== 
Warning! Mixing Conda and module environments may lead to corruption of the
user environment. 
We do not recommend users mixing those two environments unless absolutely
necessary. Note that 
SURF does not provide any support for Conda environment.
For more information, please refer to our software policy page:
https://servicedesk.surf.nl/wiki/display/WIKI/Software+policy+Snellius#SoftwarepolicySnellius-UseofAnacondaandMinicondaenvironmentsonSnellius 

Remember that many packages have already been installed on the system and can
be loaded using 
the 'module load <package__name>' command. If you are uncertain if a package is
already available 
on the system, please use 'module avail' or 'module spider' to search for it.
============================================================================================== 
========================================
job id  : 24474034
host    : gcn100.local.snellius.surf.nl
start   : Mon Jul  6 16:54:55 CEST 2026
gpu     : NVIDIA H100, 95830 MiB
python  : /home/aramautar2/.conda/envs/flowSDF/bin/python
ode-steps: 40
========================================
device: cuda
Loaded expert_small_best.pth: state_key=ema_state, img_cond_channels=257, params=160754049
Loaded expert_large_best.pth: state_key=ema_state, img_cond_channels=257, params=160754049
Running FlowSDF MoE inference on 5000 test images
FlowSDF MoE inference:   0%|          | 0/5000 [00:00<?, ?it/s]FlowSDF MoE inference:   0%|          | 1/5000 [00:06<8:46:05,  6.31s/it]FlowSDF MoE inference:   0%|          | 2/5000 [00:11<8:08:47,  5.87s/it]FlowSDF MoE inference:   0%|          | 3/5000 [00:17<7:55:44,  5.71s/it]FlowSDF MoE inference:   0%|          | 4/5000 [00:21<7:10:04,  5.16s/it]FlowSDF MoE inference:   0%|          | 5/5000 [00:27<7:20:44,  5.29s/it]FlowSDF MoE inference:   0%|          | 6/5000 [00:32<7:25:21,  5.35s/it]FlowSDF MoE inference:   0%|          | 7/5000 [00:38<7:28:58,  5.40s/it]FlowSDF MoE inference:   0%|          | 8/5000 [00:43<7:30:17,  5.41s/it]FlowSDF MoE inference:   0%|          | 9/5000 [00:49<7:31:22,  5.43s/it]FlowSDF MoE inference:   0%|          | 10/5000 [00:54<7:34:34,  5.47s/it]FlowSDF MoE inference:   0%|          | 11/5000 [01:00<7:34:57,  5.47s/it]FlowSDF MoE inference:   0%|          | 12/5000 [01:05<7:34:15,  5.46s/it]FlowSDF MoE inference:   0%|          | 13/5000 [01:11<7:44:52,  5.59s/it]FlowSDF MoE inference:   0%|          | 14/5000 [01:17<7:45:14,  5.60s/it][2026-07-06T16:56:25.203] error: *** JOB 24474034 ON gcn100 CANCELLED AT 2026-07-06T16:56:25 DUE to SIGNAL Terminated ***
