============================================================================================== 
Warning! Mixing Conda and module environments may lead to corruption of the
user environment. 
We do not recommend users mixing those two environments unless absolutely
necessary. Note that 
SURF does not provide any support for Conda environment.
For more information, please refer to our software policy page:
https://servicedesk.surf.nl/wiki/display/WIKI/Software+policy+Snellius#SoftwarepolicySnellius-UseofAnacondaandMinicondaenvironmentsonSnellius 

Remember that many packages have already been installed on the system and can
be loaded using 
the 'module load <package__name>' command. If you are uncertain if a package is
already available 
on the system, please use 'module avail' or 'module spider' to search for it.
============================================================================================== 
========================================
job id : 23094516
host   : tcn467.local.snellius.surf.nl
start  : Sun May 24 22:46:02 CEST 2026
python : /home/scur0509/.conda/envs/MoE/bin/python
========================================
saved: data/flowsdf-moe-predictions/test/comparisons/stepsize_4/annotated/random_large__XRAY_PENGWIN_011_0118__frag000__SA__large__delta-0.053.png
========================================
end : Sun May 24 22:46:06 CEST 2026
========================================
