============================================================================================== 
Warning! Mixing Conda and module environments may lead to corruption of the
user environment. 
We do not recommend users mixing those two environments unless absolutely
necessary. Note that 
SURF does not provide any support for Conda environment.
For more information, please refer to our software policy page:
https://servicedesk.surf.nl/wiki/display/WIKI/Software+policy+Snellius#SoftwarepolicySnellius-UseofAnacondaandMinicondaenvironmentsonSnellius 

Remember that many packages have already been installed on the system and can
be loaded using 
the 'module load <package__name>' command. If you are uncertain if a package is
already available 
on the system, please use 'module avail' or 'module spider' to search for it.
============================================================================================== 
========================================
job id : 24275754
host   : tcn364.local.snellius.surf.nl
start  : Mon Jun 29 06:54:20 CEST 2026
python : /home/scur0509/.conda/envs/MoE/bin/python
========================================
Loading delta CSV: data/flowsdf-moe-predictions/test/evaluation_delta.csv
  26457 fragments
Building X-ray image map …
Selected 20 fragments — generating figures …

[best] XRAY_PENGWIN_033_0306
  saved: best__XRAY_PENGWIN_033_0306__frag002__LI__small__delta+0.823.png
[best] XRAY_PENGWIN_099_0029
  saved: best__XRAY_PENGWIN_099_0029__frag000__SA__small__delta+0.796.png
[best] XRAY_PENGWIN_080_0414
  saved: best__XRAY_PENGWIN_080_0414__frag003__RI__large__delta+0.756.png
[best] XRAY_PENGWIN_090_0487
  saved: best__XRAY_PENGWIN_090_0487__frag000__SA__small__delta+0.740.png
[best] XRAY_PENGWIN_024_0020
  saved: best__XRAY_PENGWIN_024_0020__frag004__LI__small__delta+0.737.png
[worst] XRAY_PENGWIN_074_0289
  saved: worst__XRAY_PENGWIN_074_0289__frag004__RI__small__delta-0.837.png
[worst] XRAY_PENGWIN_090_0372
  saved: worst__XRAY_PENGWIN_090_0372__frag002__LI__small__delta-0.818.png
[worst] XRAY_PENGWIN_015_0185
  saved: worst__XRAY_PENGWIN_015_0185__frag004__LI__small__delta-0.812.png
[worst] XRAY_PENGWIN_048_0138
  saved: worst__XRAY_PENGWIN_048_0138__frag000__SA__small__delta-0.809.png
[worst] XRAY_PENGWIN_011_0192
  saved: worst__XRAY_PENGWIN_011_0192__frag004__RI__small__delta-0.701.png
[random_small] XRAY_PENGWIN_079_0277
  saved: random_small__XRAY_PENGWIN_079_0277__frag000__SA__small__delta+0.139.png
[random_small] XRAY_PENGWIN_045_0331
  saved: random_small__XRAY_PENGWIN_045_0331__frag004__RI__small__delta+0.120.png
[random_small] XRAY_PENGWIN_066_0418
  saved: random_small__XRAY_PENGWIN_066_0418__frag005__LI__small__delta+0.154.png
[random_small] XRAY_PENGWIN_009_0304
  saved: random_small__XRAY_PENGWIN_009_0304__frag004__RI__small__delta+0.311.png
[random_small] XRAY_PENGWIN_045_0135
  saved: random_small__XRAY_PENGWIN_045_0135__frag003__LI__small__delta+0.234.png
[random_large] XRAY_PENGWIN_098_0188
  saved: random_large__XRAY_PENGWIN_098_0188__frag002__LI__large__delta+0.103.png
[random_large] XRAY_PENGWIN_011_0118
  saved: random_large__XRAY_PENGWIN_011_0118__frag000__SA__large__delta+0.272.png
[random_large] XRAY_PENGWIN_054_0261
  saved: random_large__XRAY_PENGWIN_054_0261__frag003__RI__large__delta+0.085.png
[random_large] XRAY_PENGWIN_077_0284
  saved: random_large__XRAY_PENGWIN_077_0284__frag004__RI__large__delta+0.215.png
[random_large] XRAY_PENGWIN_074_0456
  saved: random_large__XRAY_PENGWIN_074_0456__frag002__LI__large__delta-0.083.png

Done. 20 figures saved to: data/flowsdf-moe-predictions/test/visualizations
========================================
end : Mon Jun 29 06:58:03 CEST 2026
========================================
