============================================================================================== 
Warning! Mixing Conda and module environments may lead to corruption of the
user environment. 
We do not recommend users mixing those two environments unless absolutely
necessary. Note that 
SURF does not provide any support for Conda environment.
For more information, please refer to our software policy page:
https://servicedesk.surf.nl/wiki/display/WIKI/Software+policy+Snellius#SoftwarepolicySnellius-UseofAnacondaandMinicondaenvironmentsonSnellius 

Remember that many packages have already been installed on the system and can
be loaded using 
the 'module load <package__name>' command. If you are uncertain if a package is
already available 
on the system, please use 'module avail' or 'module spider' to search for it.
============================================================================================== 
========================================
job id  : 24265665
host    : gcn139.local.snellius.surf.nl
start   : Sun Jun 28 10:01:21 CEST 2026
gpu     : NVIDIA H100, 95830 MiB
========================================
nothing to do — all 49999 samples already processed
========================================
end : Sun Jun 28 10:01:31 CEST 2026
========================================
