============================================================================================== 
Warning! Mixing Conda and module environments may lead to corruption of the
user environment. 
We do not recommend users mixing those two environments unless absolutely
necessary. Note that 
SURF does not provide any support for Conda environment.
For more information, please refer to our software policy page:
https://servicedesk.surf.nl/wiki/display/WIKI/Software+policy+Snellius#SoftwarepolicySnellius-UseofAnacondaandMinicondaenvironmentsonSnellius 

Remember that many packages have already been installed on the system and can
be loaded using 
the 'module load <package__name>' command. If you are uncertain if a package is
already available 
on the system, please use 'module avail' or 'module spider' to search for it.
============================================================================================== 
========================================
job id : 23084490
host   : tcn467.local.snellius.surf.nl
start  : Sun May 24 15:17:25 CEST 2026
python : /home/scur0509/.conda/envs/MoE/bin/python
========================================
Loading delta CSV: data/flowsdf-moe-predictions/test/evaluation_delta.csv
  26457 fragments
Building X-ray image map …
Selected 20 fragments — generating figures …

[best] XRAY_PENGWIN_052_0252
  saved: best__XRAY_PENGWIN_052_0252__frag006__RI__small__delta+0.677.png
[best] XRAY_PENGWIN_037_0340
  saved: best__XRAY_PENGWIN_037_0340__frag001__SA__small__delta+0.570.png
[best] XRAY_PENGWIN_094_0026
  saved: best__XRAY_PENGWIN_094_0026__frag003__RI__large__delta+0.534.png
[best] XRAY_PENGWIN_024_0020
  saved: best__XRAY_PENGWIN_024_0020__frag004__LI__small__delta+0.532.png
[best] XRAY_PENGWIN_046_0030
  saved: best__XRAY_PENGWIN_046_0030__frag003__RI__small__delta+0.518.png
[worst] XRAY_PENGWIN_005_0189
  saved: worst__XRAY_PENGWIN_005_0189__frag000__SA__small__delta-0.879.png
[worst] XRAY_PENGWIN_069_0010
  saved: worst__XRAY_PENGWIN_069_0010__frag001__SA__small__delta-0.825.png
[worst] XRAY_PENGWIN_084_0482
  saved: worst__XRAY_PENGWIN_084_0482__frag005__LI__small__delta-0.824.png
[worst] XRAY_PENGWIN_090_0372
  saved: worst__XRAY_PENGWIN_090_0372__frag002__LI__small__delta-0.818.png
[worst] XRAY_PENGWIN_015_0185
  saved: worst__XRAY_PENGWIN_015_0185__frag004__LI__small__delta-0.812.png
[random_small] XRAY_PENGWIN_079_0277
  saved: random_small__XRAY_PENGWIN_079_0277__frag000__SA__small__delta+0.072.png
[random_small] XRAY_PENGWIN_045_0331
  saved: random_small__XRAY_PENGWIN_045_0331__frag004__RI__small__delta-0.099.png
[random_small] XRAY_PENGWIN_066_0418
  saved: random_small__XRAY_PENGWIN_066_0418__frag005__LI__small__delta-0.029.png
[random_small] XRAY_PENGWIN_009_0304
  saved: random_small__XRAY_PENGWIN_009_0304__frag004__RI__small__delta+0.019.png
[random_small] XRAY_PENGWIN_045_0135
  saved: random_small__XRAY_PENGWIN_045_0135__frag003__LI__small__delta+0.047.png
[random_large] XRAY_PENGWIN_098_0188
  saved: random_large__XRAY_PENGWIN_098_0188__frag002__LI__large__delta-0.011.png
[random_large] XRAY_PENGWIN_011_0118
  saved: random_large__XRAY_PENGWIN_011_0118__frag000__SA__large__delta+0.079.png
[random_large] XRAY_PENGWIN_054_0261
  saved: random_large__XRAY_PENGWIN_054_0261__frag003__RI__large__delta+0.039.png
[random_large] XRAY_PENGWIN_077_0284
  saved: random_large__XRAY_PENGWIN_077_0284__frag004__RI__large__delta+0.128.png
[random_large] XRAY_PENGWIN_074_0456
  saved: random_large__XRAY_PENGWIN_074_0456__frag002__LI__large__delta-0.059.png

Done. 20 figures saved to: data/flowsdf-moe-predictions/test/visualizations
========================================
end : Sun May 24 15:18:14 CEST 2026
========================================
