============================================================================================== 
Warning! Mixing Conda and module environments may lead to corruption of the
user environment. 
We do not recommend users mixing those two environments unless absolutely
necessary. Note that 
SURF does not provide any support for Conda environment.
For more information, please refer to our software policy page:
https://servicedesk.surf.nl/wiki/display/WIKI/Software+policy+Snellius#SoftwarepolicySnellius-UseofAnacondaandMinicondaenvironmentsonSnellius 

Remember that many packages have already been installed on the system and can
be loaded using 
the 'module load <package__name>' command. If you are uncertain if a package is
already available 
on the system, please use 'module avail' or 'module spider' to search for it.
============================================================================================== 
========================================
job id : 23025924
host   : gcn24.local.snellius.surf.nl
start  : Thu May 21 22:15:54 CEST 2026
python : /home/scur0509/.conda/envs/MoE/bin/python
========================================
Loading delta CSV: data/flowsdf-moe-predictions/test/evaluation_delta.csv
  26457 fragments
Building X-ray image map …
Selected 20 fragments — generating figures …

[best] XRAY_PENGWIN_052_0252
  saved: best__XRAY_PENGWIN_052_0252__frag006__RI__small__delta+0.617.png
[best] XRAY_PENGWIN_084_0142
  saved: best__XRAY_PENGWIN_084_0142__frag004__LI__small__delta+0.614.png
[best] XRAY_PENGWIN_024_0020
  saved: best__XRAY_PENGWIN_024_0020__frag004__LI__small__delta+0.575.png
[best] XRAY_PENGWIN_086_0299
  saved: best__XRAY_PENGWIN_086_0299__frag004__LI__small__delta+0.575.png
[best] XRAY_PENGWIN_060_0212
  saved: best__XRAY_PENGWIN_060_0212__frag005__RI__small__delta+0.551.png
[worst] XRAY_PENGWIN_010_0414
  saved: worst__XRAY_PENGWIN_010_0414__frag003__RI__small__delta-0.836.png
[worst] XRAY_PENGWIN_084_0482
  saved: worst__XRAY_PENGWIN_084_0482__frag005__LI__small__delta-0.824.png
[worst] XRAY_PENGWIN_090_0372
  saved: worst__XRAY_PENGWIN_090_0372__frag002__LI__small__delta-0.818.png
[worst] XRAY_PENGWIN_015_0185
  saved: worst__XRAY_PENGWIN_015_0185__frag004__LI__small__delta-0.812.png
[worst] XRAY_PENGWIN_052_0474
  saved: worst__XRAY_PENGWIN_052_0474__frag006__RI__small__delta-0.787.png
[random_small] XRAY_PENGWIN_079_0277
  saved: random_small__XRAY_PENGWIN_079_0277__frag000__SA__small__delta+0.028.png
[random_small] XRAY_PENGWIN_045_0331
  saved: random_small__XRAY_PENGWIN_045_0331__frag004__RI__small__delta+0.025.png
[random_small] XRAY_PENGWIN_066_0418
  saved: random_small__XRAY_PENGWIN_066_0418__frag005__LI__small__delta+0.022.png
[random_small] XRAY_PENGWIN_009_0304
  saved: random_small__XRAY_PENGWIN_009_0304__frag004__RI__small__delta-0.004.png
[random_small] XRAY_PENGWIN_045_0135
  saved: random_small__XRAY_PENGWIN_045_0135__frag003__LI__small__delta+0.065.png
[random_large] XRAY_PENGWIN_098_0188
  saved: random_large__XRAY_PENGWIN_098_0188__frag002__LI__large__delta+0.058.png
[random_large] XRAY_PENGWIN_011_0118
  saved: random_large__XRAY_PENGWIN_011_0118__frag000__SA__large__delta+0.134.png
[random_large] XRAY_PENGWIN_054_0261
  saved: random_large__XRAY_PENGWIN_054_0261__frag003__RI__large__delta+0.011.png
[random_large] XRAY_PENGWIN_077_0284
  saved: random_large__XRAY_PENGWIN_077_0284__frag004__RI__large__delta+0.148.png
[random_large] XRAY_PENGWIN_074_0456
  saved: random_large__XRAY_PENGWIN_074_0456__frag002__LI__large__delta+0.094.png

Done. 20 figures saved to: data/flowsdf-moe-predictions/test/visualizations
========================================
end : Thu May 21 22:16:44 CEST 2026
========================================
